{"line":2,"action":"corrected","reason":"trim/canonicalização de campo","original":{"empresa":" CENÁRIO IDEAL HOSPEDAGEM ","ano":"2022","tipo":"HOSPEDAGEM"},"normalized":{"empresa":"CENÁRIO IDEAL HOSPEDAGEM","periodo":"2022","tipo":"HOSPEDAGEM"}}
{"line":3,"action":"corrected","reason":"trim/canonicalização de campo","original":{"empresa":" DIVINA COZINHA","ano":"2011 / 2012","tipo":"ALIMENTAÇÃO FORA DO LAR"},"normalized":{"empresa":"DIVINA COZINHA","periodo":"2011 / 2012","tipo":"ALIMENTAÇÃO FORA DO LAR"}}
{"line":4,"action":"corrected","reason":"trim/canonicalização de campo","original":{"empresa":" LUCIANA SIQUEIRA DE AMORIM","ano":"2021","tipo":"SERVIÇOS DE ESTÉTICA"},"normalized":{"empresa":"LUCIANA SIQUEIRA DE AMORIM","periodo":"2021","tipo":"SERVIÇOS DE ESTÉTICA"}}
{"line":5,"action":"corrected","reason":"trim/canonicalização de campo","original":{"empresa":" PASTO & PIZZAS","ano":"2025","tipo":"ALIMENTAÇÃO FORA DO LAR"},"normalized":{"empresa":"PASTO & PIZZAS","periodo":"2025","tipo":"ALIMENTAÇÃO FORA DO LAR"}}
{"line":6,"action":"corrected","reason":"trim/canonicalização de campo","original":{"empresa":" RESTAURANTE CANTINHO DO FRANGO SUL","ano":"2022","tipo":"ALIMENTAÇÃO FORA DO LAR"},"normalized":{"empresa":"RESTAURANTE CANTINHO DO FRANGO SUL","periodo":"2022","tipo":"ALIMENTAÇÃO FORA DO LAR"}}
{"line":7,"action":"corrected","reason":"trim/canonicalização de campo","original":{"empresa":" SOS MOTOS (RAIMUNDO NONATO ALMEIDA LESSA)","ano":"2021","tipo":"MANUTENÇÃO DE VEÍCULOS"},"normalized":{"empresa":"SOS MOTOS (RAIMUNDO NONATO ALMEIDA LESSA)","periodo":"2021","tipo":"MANUTENÇÃO DE VEÍCULOS"}}
{"line":33,"action":"corrected","reason":"trim/canonicalização de campo","original":{"empresa":"ACADEMIA TAUROS ","ano":"2022","tipo":"ACADEMIA"},"normalized":{"empresa":"ACADEMIA TAUROS","periodo":"2022","tipo":"ACADEMIA"}}
{"line":34,"action":"corrected","reason":"trim/canonicalização de campo","original":{"empresa":"ACADEMIA TAUROS ","ano":"2023","tipo":"ACADEMIA"},"normalized":{"empresa":"ACADEMIA TAUROS","periodo":"2023","tipo":"ACADEMIA"}}
{"line":37,"action":"corrected","reason":"trim/canonicalização de campo","original":{"empresa":"AFETUR VIAGENS E TURISMO LTDA","ano":"2024","tipo":"AGÊNCIA DE VIAGENS "},"normalized":{"empresa":"AFETUR VIAGENS E TURISMO LTDA","periodo":"2024","tipo":"AGÊNCIA DE VIAGENS"}}
{"line":40,"action":"corrected","reason":"trim/canonicalização de campo","original":{"empresa":"AGENCIA DE TURISMO ICARAIZINHO ADVENTURE","ano":"2024","tipo":"AGÊNCIA DE VIAGENS "},"normalized":{"empresa":"AGENCIA DE TURISMO ICARAIZINHO ADVENTURE","periodo":"2024","tipo":"AGÊNCIA DE VIAGENS"}}
{"line":41,"action":"corrected","reason":"trim/canonicalização de campo","original":{"empresa":"AGENCIA FORTALEZENSE DE EXCURSOES E TURISMO LTDA - AFETUR TURISMO","ano":"2023","tipo":"AGÊNCIA DE VIAGENS "},"normalized":{"empresa":"AGENCIA FORTALEZENSE DE EXCURSOES E TURISMO LTDA - AFETUR TURISMO","periodo":"2023","tipo":"AGÊNCIA DE VIAGENS"}}
{"line":69,"action":"corrected","reason":"trim/canonicalização de campo","original":{"empresa":"ANTONIA DORIS FERNANDES","ano":"2025","tipo":"HOSPEDAGEM "},"normalized":{"empresa":"ANTONIA DORIS FERNANDES","periodo":"2025","tipo":"HOSPEDAGEM"}}
{"line":70,"action":"corrected","reason":"trim/canonicalização de campo","original":{"empresa":"ANTONIO NEURIDES UCHOA DA SILVA ","ano":"2024","tipo":"ALIMENTAÇÃO FORA DO LAR"},"normalized":{"empresa":"ANTONIO NEURIDES UCHOA DA SILVA","periodo":"2024","tipo":"ALIMENTAÇÃO FORA DO LAR"}}
{"line":71,"action":"corrected","reason":"trim/canonicalização de campo","original":{"empresa":"AQUARELA PALACE HOTEL","ano":"2019","tipo":"HOSPEDAGEM "},"normalized":{"empresa":"AQUARELA PALACE HOTEL","periodo":"2019","tipo":"HOSPEDAGEM"}}
{"line":104,"action":"corrected","reason":"trim/canonicalização de campo","original":{"empresa":"BANGALÔS SOL DE LAGOINHA ","ano":"2024","tipo":"HOSPEDAGEM "},"normalized":{"empresa":"BANGALÔS SOL DE LAGOINHA","periodo":"2024","tipo":"HOSPEDAGEM"}}
{"line":119,"action":"deduplicated","reason":"combinação EMPRESA+PERÍODO+TIPO repetida após normalização","original":{"empresa":"BARRACA AMÉRICA DO SOL","ano":"2013","tipo":"ALIMENTAÇÃO FORA DO LAR"}}
{"line":190,"action":"corrected","reason":"trim/canonicalização de campo","original":{"empresa":"BEACH ECO STAYS","ano":"2025","tipo":"HOSPEDAGEM "},"normalized":{"empresa":"BEACH ECO STAYS","periodo":"2025","tipo":"HOSPEDAGEM"}}
{"line":201,"action":"corrected","reason":"trim/canonicalização de campo","original":{"empresa":"BIB'S PIZZARIA ","ano":"2024","tipo":"ALIMENTAÇÃO FORA DO LAR"},"normalized":{"empresa":"BIB'S PIZZARIA","periodo":"2024","tipo":"ALIMENTAÇÃO FORA DO LAR"}}
{"line":211,"action":"corrected","reason":"trim/canonicalização de campo","original":{"empresa":"BIO ANALISES LABORATORIO CLINICO LTDA ","ano":"2024","tipo":"SERVIÇOS LABORATORIAIS"},"normalized":{"empresa":"BIO ANALISES LABORATORIO CLINICO LTDA","periodo":"2024","tipo":"SERVIÇOS LABORATORIAIS"}}
{"line":215,"action":"corrected","reason":"trim/canonicalização de campo","original":{"empresa":"BLUE DREAMS VIAGENS","ano":"2025","tipo":"AGÊNCIA DE VIAGENS "},"normalized":{"empresa":"BLUE DREAMS VIAGENS","periodo":"2025","tipo":"AGÊNCIA DE VIAGENS"}}
{"line":230,"action":"corrected","reason":"trim/canonicalização de campo","original":{"empresa":"BOULEVARD POUSADA BOUTIQUE","ano":"2025","tipo":"HOSPEDAGEM "},"normalized":{"empresa":"BOULEVARD POUSADA BOUTIQUE","periodo":"2025","tipo":"HOSPEDAGEM"}}
{"line":275,"action":"deduplicated","reason":"combinação EMPRESA+PERÍODO+TIPO repetida após normalização","original":{"empresa":"CABAÑA DEL PRIMO – RESTAURANTE Y PARRILLA","ano":"2015","tipo":"ALIMENTAÇÃO FORA DO LAR"}}
{"line":330,"action":"corrected","reason":"trim/canonicalização de campo","original":{"empresa":"CARAÚBA BEACH ","ano":"2024","tipo":"ALIMENTAÇÃO FORA DO LAR"},"normalized":{"empresa":"CARAÚBA BEACH","periodo":"2024","tipo":"ALIMENTAÇÃO FORA DO LAR"}}
{"line":336,"action":"corrected","reason":"trim/canonicalização de campo","original":{"empresa":"CARMEL - MAGNA PRAIA HOTEL","ano":"2019","tipo":"HOSPEDAGEM "},"normalized":{"empresa":"CARMEL - MAGNA PRAIA HOTEL","periodo":"2019","tipo":"HOSPEDAGEM"}}
{"line":345,"action":"corrected","reason":"trim/canonicalização de campo","original":{"empresa":"CARONA4X4 - TURISMO DE AVENTURA","ano":"2024","tipo":"AGÊNCIA DE VIAGENS "},"normalized":{"empresa":"CARONA4X4 - TURISMO DE AVENTURA","periodo":"2024","tipo":"AGÊNCIA DE VIAGENS"}}
{"line":346,"action":"corrected","reason":"trim/canonicalização de campo","original":{"empresa":"CARONA4X4 - TURISMO DE AVENTURA","ano":"2023","tipo":"AGÊNCIA DE VIAGENS "},"normalized":{"empresa":"CARONA4X4 - TURISMO DE AVENTURA","periodo":"2023","tipo":"AGÊNCIA DE VIAGENS"}}
{"line":374,"action":"corrected","reason":"trim/canonicalização de campo","original":{"empresa":"CENTRO DE BELEZA PINHEIRO'S LTDA","ano":"2022","tipo":"SERVIRÇOS DE ESTÉTICA"},"normalized":{"empresa":"CENTRO DE BELEZA PINHEIRO'S LTDA","periodo":"2022","tipo":"SERVIÇOS DE ESTÉTICA"}}
{"line":382,"action":"corrected","reason":"trim/canonicalização de campo","original":{"empresa":"CHALÉ CASA GRANDE","ano":"2025","tipo":"HOSPEDAGEM "},"normalized":{"empresa":"CHALÉ CASA GRANDE","periodo":"2025","tipo":"HOSPEDAGEM"}}
{"line":384,"action":"corrected","reason":"trim/canonicalização de campo","original":{"empresa":"CHALÉ NOSSO SÍTIO","ano":"2024","tipo":"HOSPEDAGEM "},"normalized":{"empresa":"CHALÉ NOSSO SÍTIO","periodo":"2024","tipo":"HOSPEDAGEM"}}
{"line":387,"action":"corrected","reason":"trim/canonicalização de campo","original":{"empresa":"CHALÉS BAYERN ","ano":"2024","tipo":"HOSPEDAGEM "},"normalized":{"empresa":"CHALÉS BAYERN","periodo":"2024","tipo":"HOSPEDAGEM"}}
{"line":392,"action":"corrected","reason":"trim/canonicalização de campo","original":{"empresa":"CHANGE INTERCÂMBIO E TURISMO","ano":"2024","tipo":"AGÊNCIA DE VIAGENS "},"normalized":{"empresa":"CHANGE INTERCÂMBIO E TURISMO","periodo":"2024","tipo":"AGÊNCIA DE VIAGENS"}}
{"line":393,"action":"corrected","reason":"trim/canonicalização de campo","original":{"empresa":"CHANGE INTERCÂMBIO E TURISMO","ano":"2023","tipo":"AGÊNCIA DE VIAGENS "},"normalized":{"empresa":"CHANGE INTERCÂMBIO E TURISMO","periodo":"2023","tipo":"AGÊNCIA DE VIAGENS"}}
{"line":403,"action":"corrected","reason":"trim/canonicalização de campo","original":{"empresa":"CHROMOS DIAGNÓSICO POR IMAGEM","ano":"2022","tipo":"SERVIÇOS DE SAUDE"},"normalized":{"empresa":"CHROMOS DIAGNÓSICO POR IMAGEM","periodo":"2022","tipo":"SERVIÇOS DE SAÚDE"}}
{"line":467,"action":"corrected","reason":"trim/canonicalização de campo","original":{"empresa":"CLINICA BOSS - MEDICINA E IMUNIZAÇÃO","ano":"2022","tipo":"SERVIÇOS DE SAUDE"},"normalized":{"empresa":"CLINICA BOSS - MEDICINA E IMUNIZAÇÃO","periodo":"2022","tipo":"SERVIÇOS DE SAÚDE"}}
{"line":473,"action":"corrected","reason":"trim/canonicalização de campo","original":{"empresa":"CLÍNICA DE IMAGEM SOBRAL","ano":"2022","tipo":"SERVIÇOS DE SAUDE"},"normalized":{"empresa":"CLÍNICA DE IMAGEM SOBRAL","periodo":"2022","tipo":"SERVIÇOS DE SAÚDE"}}
{"line":492,"action":"corrected","reason":"trim/canonicalização de campo","original":{"empresa":"CLÍNICA JÚLIA ALVES ","ano":"2024","tipo":"SERVIÇOS DE SAÚDE"},"normalized":{"empresa":"CLÍNICA JÚLIA ALVES","periodo":"2024","tipo":"SERVIÇOS DE SAÚDE"}}
{"line":498,"action":"corrected","reason":"trim/canonicalização de campo","original":{"empresa":"CLÍNICA MÉDICA DR. FÁBIO MACHADO","ano":"2022","tipo":"SERVIÇOS DE SAUDE"},"normalized":{"empresa":"CLÍNICA MÉDICA DR. FÁBIO MACHADO","periodo":"2022","tipo":"SERVIÇOS DE SAÚDE"}}
{"line":512,"action":"corrected","reason":"trim/canonicalização de campo","original":{"empresa":"CLUBE TURISMO WASHINGTON SOARES LTDA","ano":"2023","tipo":"AGÊNCIA DE VIAGENS "},"normalized":{"empresa":"CLUBE TURISMO WASHINGTON SOARES LTDA","periodo":"2023","tipo":"AGÊNCIA DE VIAGENS"}}
{"line":523,"action":"corrected","reason":"trim/canonicalização de campo","original":{"empresa":"COLISEUM BEACH HOTEL","ano":"2024","tipo":"HOSPEDAGEM "},"normalized":{"empresa":"COLISEUM BEACH HOTEL","periodo":"2024","tipo":"HOSPEDAGEM"}}
{"line":526,"action":"corrected","reason":"trim/canonicalização de campo","original":{"empresa":"COLISEUM BEACH HOTEL","ano":"2019","tipo":"HOSPEDAGEM "},"normalized":{"empresa":"COLISEUM BEACH HOTEL","periodo":"2019","tipo":"HOSPEDAGEM"}}
{"line":534,"action":"corrected","reason":"trim/canonicalização de campo","original":{"empresa":"COLLINA BEACH","ano":"2024","tipo":"HOSPEDAGEM "},"normalized":{"empresa":"COLLINA BEACH","periodo":"2024","tipo":"HOSPEDAGEM"}}
{"line":545,"action":"corrected","reason":"trim/canonicalização de campo","original":{"empresa":"COMPLEXO MA","ano":"2022","tipo":"SERVIÇOS DE SAUDE"},"normalized":{"empresa":"COMPLEXO MA","periodo":"2022","tipo":"SERVIÇOS DE SAÚDE"}}
{"line":547,"action":"corrected","reason":"trim/canonicalização de campo","original":{"empresa":"COMPLEXO METABOLIC","ano":"2022","tipo":"SERVIÇOS DE SAUDE"},"normalized":{"empresa":"COMPLEXO METABOLIC","periodo":"2022","tipo":"SERVIÇOS DE SAÚDE"}}
{"line":559,"action":"corrected","reason":"trim/canonicalização de campo","original":{"empresa":"CONSULTÓRIO CLÁUDIA GALDINO","ano":"2022","tipo":"SERVIÇOS DE SAUDE"},"normalized":{"empresa":"CONSULTÓRIO CLÁUDIA GALDINO","periodo":"2022","tipo":"SERVIÇOS DE SAÚDE"}}
{"line":562,"action":"corrected","reason":"trim/canonicalização de campo","original":{"empresa":"CONTRASTES RESTAURANTE ","ano":"2024","tipo":"ALIMENTAÇÃO FORA DO LAR"},"normalized":{"empresa":"CONTRASTES RESTAURANTE","periodo":"2024","tipo":"ALIMENTAÇÃO FORA DO LAR"}}
{"line":580,"action":"corrected","reason":"trim/canonicalização de campo","original":{"empresa":"DAYO POUSADA LTDA","ano":"2024","tipo":"HOSPEDAGEM "},"normalized":{"empresa":"DAYO POUSADA LTDA","periodo":"2024","tipo":"HOSPEDAGEM"}}
{"line":603,"action":"deduplicated","reason":"combinação EMPRESA+PERÍODO+TIPO repetida após normalização","original":{"empresa":"DIAGNOSIS LABORATORIO E SERVICOS DE SAUDE","ano":"2025","tipo":"SERVIÇOS LABORATORIAIS"}}
{"line":642,"action":"corrected","reason":"trim/canonicalização de campo","original":{"empresa":"DOCE CULTURA ","ano":"2024","tipo":"ALIMENTAÇÃO FORA DO LAR"},"normalized":{"empresa":"DOCE CULTURA","periodo":"2024","tipo":"ALIMENTAÇÃO FORA DO LAR"}}
{"line":645,"action":"corrected","reason":"trim/canonicalização de campo","original":{"empresa":"DOLCÈ VITA GUEST HOUSE ","ano":"2024","tipo":"HOSPEDAGEM "},"normalized":{"empresa":"DOLCÈ VITA GUEST HOUSE","periodo":"2024","tipo":"HOSPEDAGEM"}}
{"line":659,"action":"corrected","reason":"trim/canonicalização de campo","original":{"empresa":"DRA. CINTIA ALVES ODONTOLOGIA ","ano":"2022","tipo":"SERVIÇOS DE SAUDE"},"normalized":{"empresa":"DRA. CINTIA ALVES ODONTOLOGIA","periodo":"2022","tipo":"SERVIÇOS DE SAÚDE"}}
{"line":660,"action":"corrected","reason":"trim/canonicalização de campo","original":{"empresa":"DUOCERIMONIAL & EVENTOS ","ano":"2024","tipo":"EMPRESA DE EVENTOS"},"normalized":{"empresa":"DUOCERIMONIAL & EVENTOS","periodo":"2024","tipo":"EMPRESA DE EVENTOS"}}
{"line":667,"action":"corrected","reason":"trim/canonicalização de campo","original":{"empresa":"ECOCAMPING LUMIAR","ano":"2024","tipo":"HOSPEDAGEM "},"normalized":{"empresa":"ECOCAMPING LUMIAR","periodo":"2024","tipo":"HOSPEDAGEM"}}
{"line":674,"action":"corrected","reason":"trim/canonicalização de campo","original":{"empresa":"ELLO HOTEL","ano":"2019","tipo":"HOSPEDAGEM "},"normalized":{"empresa":"ELLO HOTEL","periodo":"2019","tipo":"HOSPEDAGEM"}}
{"line":677,"action":"corrected","reason":"trim/canonicalização de campo","original":{"empresa":"ELLO HOTEL","ano":"2024","tipo":"HOSPEDAGEM "},"normalized":{"empresa":"ELLO HOTEL","periodo":"2024","tipo":"HOSPEDAGEM"}}
{"line":724,"action":"corrected","reason":"trim/canonicalização de campo","original":{"empresa":"EXPERIMENTE JERI ","ano":"2024","tipo":"AGÊNCIA DE VIAGENS "},"normalized":{"empresa":"EXPERIMENTE JERI","periodo":"2024","tipo":"AGÊNCIA DE VIAGENS"}}
{"line":729,"action":"corrected","reason":"trim/canonicalização de campo","original":{"empresa":"FARMÁCIA ETHICALL","ano":"2022","tipo":"SERVIÇOS DE SAUDE"},"normalized":{"empresa":"FARMÁCIA ETHICALL","periodo":"2022","tipo":"SERVIÇOS DE SAÚDE"}}
{"line":731,"action":"corrected","reason":"trim/canonicalização de campo","original":{"empresa":"FARMÁCIA FÓRMULA VERDE","ano":"2022","tipo":"SERVIÇOS DE SAUDE"},"normalized":{"empresa":"FARMÁCIA FÓRMULA VERDE","periodo":"2022","tipo":"SERVIÇOS DE SAÚDE"}}
{"line":736,"action":"corrected","reason":"trim/canonicalização de campo","original":{"empresa":"FAZENDA HOTEL PEDRA DOS VENTOS","ano":"2019","tipo":"HOSPEDAGEM "},"normalized":{"empresa":"FAZENDA HOTEL PEDRA DOS VENTOS","periodo":"2019","tipo":"HOSPEDAGEM"}}
{"line":745,"action":"corrected","reason":"trim/canonicalização de campo","original":{"empresa":"FENIX TOUR JERI","ano":"2024","tipo":"AGÊNCIA DE VIAGENS "},"normalized":{"empresa":"FENIX TOUR JERI","periodo":"2024","tipo":"AGÊNCIA DE VIAGENS"}}
{"line":754,"action":"corrected","reason":"trim/canonicalização de campo","original":{"empresa":"FLECHEIRAS POINT ","ano":"2024","tipo":"ALIMENTAÇÃO FORA DO LAR"},"normalized":{"empresa":"FLECHEIRAS POINT","periodo":"2024","tipo":"ALIMENTAÇÃO FORA DO LAR"}}
{"line":757,"action":"corrected","reason":"trim/canonicalização de campo","original":{"empresa":"FOR YOU RECEPTIVO","ano":"2023","tipo":"AGÊNCIA DE VIAGENS "},"normalized":{"empresa":"FOR YOU RECEPTIVO","periodo":"2023","tipo":"AGÊNCIA DE VIAGENS"}}
{"line":762,"action":"corrected","reason":"trim/canonicalização de campo","original":{"empresa":"FORT EVENTOS ","ano":"2024","tipo":"EMPRESA DE EVENTOS"},"normalized":{"empresa":"FORT EVENTOS","periodo":"2024","tipo":"EMPRESA DE EVENTOS"}}
{"line":763,"action":"corrected","reason":"trim/canonicalização de campo","original":{"empresa":"FORTLINE TURISMO","ano":"2024","tipo":"AGÊNCIA DE VIAGENS "},"normalized":{"empresa":"FORTLINE TURISMO","periodo":"2024","tipo":"AGÊNCIA DE VIAGENS"}}
{"line":764,"action":"corrected","reason":"trim/canonicalização de campo","original":{"empresa":"FOR YOU RECEPTIVO","ano":"2024","tipo":"AGÊNCIA DE VIAGENS "},"normalized":{"empresa":"FOR YOU RECEPTIVO","periodo":"2024","tipo":"AGÊNCIA DE VIAGENS"}}
{"line":805,"action":"corrected","reason":"trim/canonicalização de campo","original":{"empresa":"GIRAFATUR","ano":"2024","tipo":"AGÊNCIA DE VIAGENS "},"normalized":{"empresa":"GIRAFATUR","periodo":"2024","tipo":"AGÊNCIA DE VIAGENS"}}
{"line":806,"action":"corrected","reason":"trim/canonicalização de campo","original":{"empresa":"GIRAFATUR","ano":"2023","tipo":"AGÊNCIA DE VIAGENS "},"normalized":{"empresa":"GIRAFATUR","periodo":"2023","tipo":"AGÊNCIA DE VIAGENS"}}
{"line":809,"action":"corrected","reason":"trim/canonicalização de campo","original":{"empresa":"GLESSY AGENCIA DE VIAGENS E TURISMO","ano":"2025","tipo":"AGÊNCIA DE VIAGENS "},"normalized":{"empresa":"GLESSY AGENCIA DE VIAGENS E TURISMO","periodo":"2025","tipo":"AGÊNCIA DE VIAGENS"}}
{"line":814,"action":"corrected","reason":"trim/canonicalização de campo","original":{"empresa":"GOSPEL FAZENDA PARK HOTEL","ano":"2024","tipo":"HOSPEDAGEM "},"normalized":{"empresa":"GOSPEL FAZENDA PARK HOTEL","periodo":"2024","tipo":"HOSPEDAGEM"}}
{"line":818,"action":"corrected","reason":"trim/canonicalização de campo","original":{"empresa":"GRAFICA TAUA ","ano":"2025","tipo":"LOJAS DE VAREJO"},"normalized":{"empresa":"GRAFICA TAUA","periodo":"2025","tipo":"LOJAS DE VAREJO"}}
{"line":819,"action":"corrected","reason":"trim/canonicalização de campo","original":{"empresa":"GRAN MAREIRO HOTEL","ano":"2019","tipo":"HOSPEDAGEM "},"normalized":{"empresa":"GRAN MAREIRO HOTEL","periodo":"2019","tipo":"HOSPEDAGEM"}}
{"line":821,"action":"corrected","reason":"trim/canonicalização de campo","original":{"empresa":"GRAUÇÁ TURISMO","ano":"2023","tipo":"AGÊNCIA DE VIAGENS "},"normalized":{"empresa":"GRAUÇÁ TURISMO","periodo":"2023","tipo":"AGÊNCIA DE VIAGENS"}}
{"line":850,"action":"corrected","reason":"trim/canonicalização de campo","original":{"empresa":"HOTEL CAMOCIM","ano":"2024","tipo":"HOSPEDAGEM "},"normalized":{"empresa":"HOTEL CAMOCIM","periodo":"2024","tipo":"HOSPEDAGEM"}}
{"line":853,"action":"corrected","reason":"trim/canonicalização de campo","original":{"empresa":"HOTEL CAMOCIM","ano":"2019","tipo":"HOSPEDAGEM "},"normalized":{"empresa":"HOTEL CAMOCIM","periodo":"2019","tipo":"HOSPEDAGEM"}}
{"line":856,"action":"corrected","reason":"trim/canonicalização de campo","original":{"empresa":"HOTEL CHALÉ NOSSO SÍTIO","ano":"2019","tipo":"HOSPEDAGEM "},"normalized":{"empresa":"HOTEL CHALÉ NOSSO SÍTIO","periodo":"2019","tipo":"HOSPEDAGEM"}}
{"line":876,"action":"corrected","reason":"trim/canonicalização de campo","original":{"empresa":"HOTEL E RESTAURANTE MARIA BASTOS","ano":"2024","tipo":"HOSPEDAGEM "},"normalized":{"empresa":"HOTEL E RESTAURANTE MARIA BASTOS","periodo":"2024","tipo":"HOSPEDAGEM"}}
{"line":879,"action":"corrected","reason":"trim/canonicalização de campo","original":{"empresa":"HOTEL ICARAÍ BEACH","ano":"2024","tipo":"HOSPEDAGEM "},"normalized":{"empresa":"HOTEL ICARAÍ BEACH","periodo":"2024","tipo":"HOSPEDAGEM"}}
{"line":888,"action":"corrected","reason":"trim/canonicalização de campo","original":{"empresa":"HOTEL JANGADAS CAPONGA","ano":"2019","tipo":"HOSPEDAGEM "},"normalized":{"empresa":"HOTEL JANGADAS CAPONGA","periodo":"2019","tipo":"HOSPEDAGEM"}}
{"line":892,"action":"corrected","reason":"trim/canonicalização de campo","original":{"empresa":"HOTEL LAGUNA BLU","ano":"2019","tipo":"HOSPEDAGEM "},"normalized":{"empresa":"HOTEL LAGUNA BLU","periodo":"2019","tipo":"HOSPEDAGEM"}}
{"line":899,"action":"corrected","reason":"trim/canonicalização de campo","original":{"empresa":"HOTEL LAGUNA BLU ","ano":"2022","tipo":"HOSPEDAGEM"},"normalized":{"empresa":"HOTEL LAGUNA BLU","periodo":"2022","tipo":"HOSPEDAGEM"}}
{"line":902,"action":"corrected","reason":"trim/canonicalização de campo","original":{"empresa":"HOTEL MARÉ LOFT PRAIA","ano":"2024","tipo":"HOSPEDAGEM "},"normalized":{"empresa":"HOTEL MARÉ LOFT PRAIA","periodo":"2024","tipo":"HOSPEDAGEM"}}
{"line":904,"action":"corrected","reason":"trim/canonicalização de campo","original":{"empresa":"HOTEL MARE MANSA","ano":"2025","tipo":"HOSPEDAGEM "},"normalized":{"empresa":"HOTEL MARE MANSA","periodo":"2025","tipo":"HOSPEDAGEM"}}
{"line":914,"action":"corrected","reason":"trim/canonicalização de campo","original":{"empresa":"HOTEL MONÓLITOS","ano":"2024","tipo":"HOSPEDAGEM "},"normalized":{"empresa":"HOTEL MONÓLITOS","periodo":"2024","tipo":"HOSPEDAGEM"}}
{"line":916,"action":"corrected","reason":"trim/canonicalização de campo","original":{"empresa":"HOTEL MONÓLITOS","ano":"2019","tipo":"HOSPEDAGEM "},"normalized":{"empresa":"HOTEL MONÓLITOS","periodo":"2019","tipo":"HOSPEDAGEM"}}
{"line":930,"action":"corrected","reason":"trim/canonicalização de campo","original":{"empresa":"HOTEL PARQUE DAS FONTES","ano":"2024","tipo":"HOSPEDAGEM "},"normalized":{"empresa":"HOTEL PARQUE DAS FONTES","periodo":"2024","tipo":"HOSPEDAGEM"}}
{"line":933,"action":"corrected","reason":"trim/canonicalização de campo","original":{"empresa":"HOTEL PARQUE DAS FONTES","ano":"2019","tipo":"HOSPEDAGEM "},"normalized":{"empresa":"HOTEL PARQUE DAS FONTES","periodo":"2019","tipo":"HOSPEDAGEM"}}
{"line":939,"action":"corrected","reason":"trim/canonicalização de campo","original":{"empresa":"HOTEL PARQUE DAS FONTES ","ano":"2022","tipo":"HOSPEDAGEM"},"normalized":{"empresa":"HOTEL PARQUE DAS FONTES","periodo":"2022","tipo":"HOSPEDAGEM"}}
{"line":942,"action":"corrected","reason":"trim/canonicalização de campo","original":{"empresa":"HOTEL PINHEIRO","ano":"2024","tipo":"HOSPEDAGEM "},"normalized":{"empresa":"HOTEL PINHEIRO","periodo":"2024","tipo":"HOSPEDAGEM"}}
{"line":945,"action":"deduplicated","reason":"combinação EMPRESA+PERÍODO+TIPO repetida após normalização","original":{"empresa":"HOTEL PINHEIRO","ano":"2023","tipo":"HOSPEDAGEM"}}
{"line":946,"action":"corrected","reason":"trim/canonicalização de campo","original":{"empresa":"HOTEL PORTO DAS DUNAS ","ano":"2022","tipo":"HOSPEDAGEM"},"normalized":{"empresa":"HOTEL PORTO DAS DUNAS","periodo":"2022","tipo":"HOSPEDAGEM"}}
{"line":952,"action":"corrected","reason":"trim/canonicalização de campo","original":{"empresa":"HOTEL POUSADA TRÊS CARAVELAS","ano":"2019","tipo":"HOSPEDAGEM "},"normalized":{"empresa":"HOTEL POUSADA TRÊS CARAVELAS","periodo":"2019","tipo":"HOSPEDAGEM"}}
{"line":955,"action":"corrected","reason":"trim/canonicalização de campo","original":{"empresa":"HOTEL RIBEIRA DOS ICÓS","ano":"2024","tipo":"HOSPEDAGEM "},"normalized":{"empresa":"HOTEL RIBEIRA DOS ICÓS","periodo":"2024","tipo":"HOSPEDAGEM"}}
{"line":960,"action":"corrected","reason":"trim/canonicalização de campo","original":{"empresa":"HOTEL SONATA DE IRACEMA","ano":"2024","tipo":"HOSPEDAGEM "},"normalized":{"empresa":"HOTEL SONATA DE IRACEMA","periodo":"2024","tipo":"HOSPEDAGEM"}}
{"line":963,"action":"corrected","reason":"trim/canonicalização de campo","original":{"empresa":"HOTEL SONATA DE IRACEMA","ano":"2019","tipo":"HOSPEDAGEM "},"normalized":{"empresa":"HOTEL SONATA DE IRACEMA","periodo":"2019","tipo":"HOSPEDAGEM"}}
{"line":979,"action":"corrected","reason":"trim/canonicalização de campo","original":{"empresa":"HOTEL VILLA MAYOR","ano":"2024","tipo":"HOSPEDAGEM "},"normalized":{"empresa":"HOTEL VILLA MAYOR","periodo":"2024","tipo":"HOSPEDAGEM"}}
{"line":982,"action":"corrected","reason":"trim/canonicalização de campo","original":{"empresa":"HOTEL VILLA MAYOR","ano":"2019","tipo":"HOSPEDAGEM "},"normalized":{"empresa":"HOTEL VILLA MAYOR","periodo":"2019","tipo":"HOSPEDAGEM"}}
{"line":995,"action":"corrected","reason":"trim/canonicalização de campo","original":{"empresa":"ICARAIZINHO ADVENTURE","ano":"2023","tipo":"AGÊNCIA DE VIAGENS "},"normalized":{"empresa":"ICARAIZINHO ADVENTURE","periodo":"2023","tipo":"AGÊNCIA DE VIAGENS"}}
{"line":1003,"action":"corrected","reason":"trim/canonicalização de campo","original":{"empresa":"ILHA PARK HOTEL","ano":"2024","tipo":"HOSPEDAGEM "},"normalized":{"empresa":"ILHA PARK HOTEL","periodo":"2024","tipo":"HOSPEDAGEM"}}
{"line":1005,"action":"corrected","reason":"trim/canonicalização de campo","original":{"empresa":"ILHA PRAIA HOTEL","ano":"2019","tipo":"HOSPEDAGEM "},"normalized":{"empresa":"ILHA PRAIA HOTEL","periodo":"2019","tipo":"HOSPEDAGEM"}}
{"line":1019,"action":"corrected","reason":"trim/canonicalização de campo","original":{"empresa":"IMPERIAL PALACE HOTEL","ano":"2019","tipo":"HOSPEDAGEM "},"normalized":{"empresa":"IMPERIAL PALACE HOTEL","periodo":"2019","tipo":"HOSPEDAGEM"}}
{"line":1037,"action":"corrected","reason":"trim/canonicalização de campo","original":{"empresa":"JANGADAS RESTAURANTES ","ano":"2024","tipo":"ALIMENTAÇÃO FORA DO LAR"},"normalized":{"empresa":"JANGADAS RESTAURANTES","periodo":"2024","tipo":"ALIMENTAÇÃO FORA DO LAR"}}
{"line":1038,"action":"corrected","reason":"trim/canonicalização de campo","original":{"empresa":"JANGADEIRO PRAIA HOTEL","ano":"2024","tipo":"HOSPEDAGEM "},"normalized":{"empresa":"JANGADEIRO PRAIA HOTEL","periodo":"2024","tipo":"HOSPEDAGEM"}}
{"line":1041,"action":"corrected","reason":"trim/canonicalização de campo","original":{"empresa":"JANGADEIRO PRAIA HOTEL","ano":"2019","tipo":"HOSPEDAGEM "},"normalized":{"empresa":"JANGADEIRO PRAIA HOTEL","periodo":"2019","tipo":"HOSPEDAGEM"}}
{"line":1052,"action":"corrected","reason":"trim/canonicalização de campo","original":{"empresa":"JC HOTEIS E PRESTADORA DE SERVICOS LTDA","ano":"2024","tipo":"HOSPEDAGEM "},"normalized":{"empresa":"JC HOTEIS E PRESTADORA DE SERVICOS LTDA","periodo":"2024","tipo":"HOSPEDAGEM"}}
{"line":1054,"action":"corrected","reason":"trim/canonicalização de campo","original":{"empresa":"JERI PARAÍSO TROPICAL","ano":"2023","tipo":"AGÊNCIA DE VIAGENS "},"normalized":{"empresa":"JERI PARAÍSO TROPICAL","periodo":"2023","tipo":"AGÊNCIA DE VIAGENS"}}
{"line":1055,"action":"corrected","reason":"trim/canonicalização de campo","original":{"empresa":"JERI PARAÍSO TROPICAL","ano":"2024","tipo":"AGÊNCIA DE VIAGENS "},"normalized":{"empresa":"JERI PARAÍSO TROPICAL","periodo":"2024","tipo":"AGÊNCIA DE VIAGENS"}}
{"line":1056,"action":"corrected","reason":"trim/canonicalização de campo","original":{"empresa":"JERI VILLAGE HOTEL","ano":"2025","tipo":"HOSPEDAGEM "},"normalized":{"empresa":"JERI VILLAGE HOTEL","periodo":"2025","tipo":"HOSPEDAGEM"}}
{"line":1057,"action":"corrected","reason":"trim/canonicalização de campo","original":{"empresa":"JERIUNIDOS4X4","ano":"2025","tipo":"AGÊNCIA DE VIAGENS "},"normalized":{"empresa":"JERIUNIDOS4X4","periodo":"2025","tipo":"AGÊNCIA DE VIAGENS"}}
{"line":1090,"action":"corrected","reason":"trim/canonicalização de campo","original":{"empresa":"LA CASA DI PIETRA ","ano":"2024","tipo":"HOSPEDAGEM "},"normalized":{"empresa":"LA CASA DI PIETRA","periodo":"2024","tipo":"HOSPEDAGEM"}}
{"line":1091,"action":"corrected","reason":"trim/canonicalização de campo","original":{"empresa":"LA CREMA CAFETERIA ","ano":"2024","tipo":"ALIMENTAÇÃO FORA DO LAR"},"normalized":{"empresa":"LA CREMA CAFETERIA","periodo":"2024","tipo":"ALIMENTAÇÃO FORA DO LAR"}}
{"line":1110,"action":"corrected","reason":"trim/canonicalização de campo","original":{"empresa":"LABORATÓRIO CLÍNICO DE SOBRAL","ano":"2022","tipo":"SERVIÇOS DE SAUDE"},"normalized":{"empresa":"LABORATÓRIO CLÍNICO DE SOBRAL","periodo":"2022","tipo":"SERVIÇOS DE SAÚDE"}}
{"line":1122,"action":"corrected","reason":"trim/canonicalização de campo","original":{"empresa":"LABORVALE ","ano":"2024","tipo":"SERVIÇOS LABORATORIAIS"},"normalized":{"empresa":"LABORVALE","periodo":"2024","tipo":"SERVIÇOS LABORATORIAIS"}}
{"line":1128,"action":"corrected","reason":"trim/canonicalização de campo","original":{"empresa":"LAGUNA HOTEIS, RESIDENCE E RESORT LTDA","ano":"2024","tipo":"HOSPEDAGEM "},"normalized":{"empresa":"LAGUNA HOTEIS, RESIDENCE E RESORT LTDA","periodo":"2024","tipo":"HOSPEDAGEM"}}
{"line":1137,"action":"corrected","reason":"trim/canonicalização de campo","original":{"empresa":"LE RÊVE POUSADA","ano":"2024","tipo":"HOSPEDAGEM "},"normalized":{"empresa":"LE RÊVE POUSADA","periodo":"2024","tipo":"HOSPEDAGEM"}}
{"line":1143,"action":"corrected","reason":"trim/canonicalização de campo","original":{"empresa":"LETIVA HOTEL SOBRAL","ano":"2024","tipo":"HOSPEDAGEM "},"normalized":{"empresa":"LETIVA HOTEL SOBRAL","periodo":"2024","tipo":"HOSPEDAGEM"}}
{"line":1145,"action":"corrected","reason":"trim/canonicalização de campo","original":{"empresa":"LETIVA HOTEL CENTRO","ano":"2024","tipo":"HOSPEDAGEM "},"normalized":{"empresa":"LETIVA HOTEL CENTRO","periodo":"2024","tipo":"HOSPEDAGEM"}}
{"line":1152,"action":"corrected","reason":"trim/canonicalização de campo","original":{"empresa":"M3 TURISMO","ano":"2023","tipo":"AGÊNCIA DE VIAGENS "},"normalized":{"empresa":"M3 TURISMO","periodo":"2023","tipo":"AGÊNCIA DE VIAGENS"}}
{"line":1153,"action":"corrected","reason":"trim/canonicalização de campo","original":{"empresa":"M3 TURISMO","ano":"2024","tipo":"AGÊNCIA DE VIAGENS "},"normalized":{"empresa":"M3 TURISMO","periodo":"2024","tipo":"AGÊNCIA DE VIAGENS"}}
{"line":1154,"action":"corrected","reason":"trim/canonicalização de campo","original":{"empresa":"M3 TURISMO ","ano":"2022","tipo":"AGÊNCIA DE VIAGENS"},"normalized":{"empresa":"M3 TURISMO","periodo":"2022","tipo":"AGÊNCIA DE VIAGENS"}}
{"line":1172,"action":"corrected","reason":"trim/canonicalização de campo","original":{"empresa":"MAGNUM HOTEL","ano":"2025","tipo":"HOSPEDAGEM "},"normalized":{"empresa":"MAGNUM HOTEL","periodo":"2025","tipo":"HOSPEDAGEM"}}
{"line":1179,"action":"corrected","reason":"trim/canonicalização de campo","original":{"empresa":"MAKENA HOTEL","ano":"2024","tipo":"HOSPEDAGEM "},"normalized":{"empresa":"MAKENA HOTEL","periodo":"2024","tipo":"HOSPEDAGEM"}}
{"line":1192,"action":"corrected","reason":"trim/canonicalização de campo","original":{"empresa":"MANGARÁ POUSADA","ano":"2024","tipo":"HOSPEDAGEM "},"normalized":{"empresa":"MANGARÁ POUSADA","periodo":"2024","tipo":"HOSPEDAGEM"}}
{"line":1199,"action":"corrected","reason":"trim/canonicalização de campo","original":{"empresa":"MARÉ ALTA FLECHEIRAS RESTAURANTE ","ano":"2024","tipo":"ALIMENTAÇÃO FORA DO LAR"},"normalized":{"empresa":"MARÉ ALTA FLECHEIRAS RESTAURANTE","periodo":"2024","tipo":"ALIMENTAÇÃO FORA DO LAR"}}
{"line":1203,"action":"corrected","reason":"trim/canonicalização de campo","original":{"empresa":"MAREDOMUS HOTEL","ano":"2019","tipo":"HOSPEDAGEM "},"normalized":{"empresa":"MAREDOMUS HOTEL","periodo":"2019","tipo":"HOSPEDAGEM"}}
{"line":1218,"action":"corrected","reason":"trim/canonicalização de campo","original":{"empresa":"MAREIRO HOTEL","ano":"2019","tipo":"HOSPEDAGEM "},"normalized":{"empresa":"MAREIRO HOTEL","periodo":"2019","tipo":"HOSPEDAGEM"}}
{"line":1245,"action":"corrected","reason":"trim/canonicalização de campo","original":{"empresa":"MAXFUR TURISMO","ano":"2024","tipo":"AGÊNCIA DE VIAGENS "},"normalized":{"empresa":"MAXFUR TURISMO","periodo":"2024","tipo":"AGÊNCIA DE VIAGENS"}}
{"line":1249,"action":"corrected","reason":"trim/canonicalização de campo","original":{"empresa":"MEDCLINIC SOBRAL","ano":"2022","tipo":"SERVIÇOS DE SAUDE"},"normalized":{"empresa":"MEDCLINIC SOBRAL","periodo":"2022","tipo":"SERVIÇOS DE SAÚDE"}}
{"line":1251,"action":"corrected","reason":"trim/canonicalização de campo","original":{"empresa":"MEDVET MULTICLÍNICA VETERINÁRIA","ano":"2022","tipo":"SERVIÇOS DE SAUDE"},"normalized":{"empresa":"MEDVET MULTICLÍNICA VETERINÁRIA","periodo":"2022","tipo":"SERVIÇOS DE SAÚDE"}}
{"line":1274,"action":"corrected","reason":"trim/canonicalização de campo","original":{"empresa":"MODERNE TURISMO VIAGENS PERSONALIZADAS","ano":"2023","tipo":"AGÊNCIA DE VIAGENS "},"normalized":{"empresa":"MODERNE TURISMO VIAGENS PERSONALIZADAS","periodo":"2023","tipo":"AGÊNCIA DE VIAGENS"}}
{"line":1275,"action":"corrected","reason":"trim/canonicalização de campo","original":{"empresa":"MODERNE TURISMO VIAGENS PERSONALIZADAS","ano":"2024","tipo":"AGÊNCIA DE VIAGENS "},"normalized":{"empresa":"MODERNE TURISMO VIAGENS PERSONALIZADAS","periodo":"2024","tipo":"AGÊNCIA DE VIAGENS"}}
{"line":1284,"action":"corrected","reason":"trim/canonicalização de campo","original":{"empresa":"MUDA ECO PARQUE","ano":"2024","tipo":"HOSPEDAGEM "},"normalized":{"empresa":"MUDA ECO PARQUE","periodo":"2024","tipo":"HOSPEDAGEM"}}
{"line":1285,"action":"corrected","reason":"trim/canonicalização de campo","original":{"empresa":"MUNZUA BEACH CLUB RESTAURANTE LTDA - MUNZUÁ PIER CLUB ","ano":"2023","tipo":"ALIMENTAÇÃO FORA DO LAR"},"normalized":{"empresa":"MUNZUA BEACH CLUB RESTAURANTE LTDA - MUNZUÁ PIER CLUB","periodo":"2023","tipo":"ALIMENTAÇÃO FORA DO LAR"}}
{"line":1291,"action":"corrected","reason":"trim/canonicalização de campo","original":{"empresa":"NAJA TURISMO","ano":"2023","tipo":"AGÊNCIA DE VIAGENS "},"normalized":{"empresa":"NAJA TURISMO","periodo":"2023","tipo":"AGÊNCIA DE VIAGENS"}}
{"line":1292,"action":"corrected","reason":"trim/canonicalização de campo","original":{"empresa":"NAQUELA JERICOACOARA ","ano":"2024","tipo":"HOSPEDAGEM "},"normalized":{"empresa":"NAQUELA JERICOACOARA","periodo":"2024","tipo":"HOSPEDAGEM"}}
{"line":1304,"action":"corrected","reason":"trim/canonicalização de campo","original":{"empresa":"NHOK LU PIZZAS E MASSAS ","ano":"2022","tipo":"ALIMENTAÇÃO FORA DO LAR"},"normalized":{"empresa":"NHOK LU PIZZAS E MASSAS","periodo":"2022","tipo":"ALIMENTAÇÃO FORA DO LAR"}}
{"line":1316,"action":"corrected","reason":"trim/canonicalização de campo","original":{"empresa":"NORDESTE OFF ROAD EXPEDICOES","ano":"2024","tipo":"AGÊNCIA DE VIAGENS "},"normalized":{"empresa":"NORDESTE OFF ROAD EXPEDICOES","periodo":"2024","tipo":"AGÊNCIA DE VIAGENS"}}
{"line":1322,"action":"corrected","reason":"trim/canonicalização de campo","original":{"empresa":"NOSSO HOTEL","ano":"2024","tipo":"HOSPEDAGEM "},"normalized":{"empresa":"NOSSO HOTEL","periodo":"2024","tipo":"HOSPEDAGEM"}}
{"line":1350,"action":"corrected","reason":"trim/canonicalização de campo","original":{"empresa":"OH! LINDA POUSADA","ano":"2019","tipo":"HOSPEDAGEM "},"normalized":{"empresa":"OH! LINDA POUSADA","periodo":"2019","tipo":"HOSPEDAGEM"}}
{"line":1363,"action":"corrected","reason":"trim/canonicalização de campo","original":{"empresa":"ORLA PRAIA CLUB LTDA\t","ano":"2024","tipo":"ALIMENTAÇÃO FORA DO LAR"},"normalized":{"empresa":"ORLA PRAIA CLUB LTDA","periodo":"2024","tipo":"ALIMENTAÇÃO FORA DO LAR"}}
{"line":1385,"action":"corrected","reason":"trim/canonicalização de campo","original":{"empresa":"PAIZINHA STUDIO DE BELEZA ","ano":"2024","tipo":"SERVIÇOS DE ESTÉTICA"},"normalized":{"empresa":"PAIZINHA STUDIO DE BELEZA","periodo":"2024","tipo":"SERVIÇOS DE ESTÉTICA"}}
{"line":1407,"action":"corrected","reason":"trim/canonicalização de campo","original":{"empresa":"PARENTE ODONTOLOGIA INTEGRADA","ano":"2022","tipo":"SERVIÇOS DE SAUDE"},"normalized":{"empresa":"PARENTE ODONTOLOGIA INTEGRADA","periodo":"2022","tipo":"SERVIÇOS DE SAÚDE"}}
{"line":1412,"action":"corrected","reason":"trim/canonicalização de campo","original":{"empresa":"PASARGADA HOTEL & POUSADA LTDA","ano":"2025","tipo":"HOSPEDAGEM "},"normalized":{"empresa":"PASARGADA HOTEL & POUSADA LTDA","periodo":"2025","tipo":"HOSPEDAGEM"}}
{"line":1458,"action":"corrected","reason":"trim/canonicalização de campo","original":{"empresa":"PINHEIRO HOTEL","ano":"2019","tipo":"HOSPEDAGEM "},"normalized":{"empresa":"PINHEIRO HOTEL","periodo":"2019","tipo":"HOSPEDAGEM"}}
{"line":1465,"action":"corrected","reason":"trim/canonicalização de campo","original":{"empresa":"PINHEIROS RESTAURANTE ","ano":"2022","tipo":"ALIMENTAÇÃO FORA DO LAR"},"normalized":{"empresa":"PINHEIROS RESTAURANTE","periodo":"2022","tipo":"ALIMENTAÇÃO FORA DO LAR"}}
{"line":1476,"action":"corrected","reason":"trim/canonicalização de campo","original":{"empresa":"PLANETA TUR","ano":"2024","tipo":"AGÊNCIA DE VIAGENS "},"normalized":{"empresa":"PLANETA TUR","periodo":"2024","tipo":"AGÊNCIA DE VIAGENS"}}
{"line":1477,"action":"corrected","reason":"trim/canonicalização de campo","original":{"empresa":"PLANETA TUR","ano":"2023","tipo":"AGÊNCIA DE VIAGENS "},"normalized":{"empresa":"PLANETA TUR","periodo":"2023","tipo":"AGÊNCIA DE VIAGENS"}}
{"line":1485,"action":"corrected","reason":"trim/canonicalização de campo","original":{"empresa":"PORTO DAS DUNAS BOUTIQUE PRAIA HOTEL","ano":"2024","tipo":"HOSPEDAGEM "},"normalized":{"empresa":"PORTO DAS DUNAS BOUTIQUE PRAIA HOTEL","periodo":"2024","tipo":"HOSPEDAGEM"}}
{"line":1487,"action":"corrected","reason":"trim/canonicalização de campo","original":{"empresa":"POSTURE FISIOTERAPIA","ano":"2022","tipo":"SERVIÇOS DE SAUDE"},"normalized":{"empresa":"POSTURE FISIOTERAPIA","periodo":"2022","tipo":"SERVIÇOS DE SAÚDE"}}
{"line":1491,"action":"corrected","reason":"trim/canonicalização de campo","original":{"empresa":"POUSADA ALVORADA","ano":"2024","tipo":"HOSPEDAGEM "},"normalized":{"empresa":"POUSADA ALVORADA","periodo":"2024","tipo":"HOSPEDAGEM"}}
{"line":1493,"action":"corrected","reason":"trim/canonicalização de campo","original":{"empresa":"POUSADA AMOR A MAR","ano":"2019","tipo":"HOSPEDAGEM "},"normalized":{"empresa":"POUSADA AMOR A MAR","periodo":"2019","tipo":"HOSPEDAGEM"}}
{"line":1494,"action":"corrected","reason":"trim/canonicalização de campo","original":{"empresa":"POUSADA ARCO ÍRIS","ano":"2024","tipo":"HOSPEDAGEM "},"normalized":{"empresa":"POUSADA ARCO ÍRIS","periodo":"2024","tipo":"HOSPEDAGEM"}}
{"line":1495,"action":"corrected","reason":"trim/canonicalização de campo","original":{"empresa":"POUSADA AREIAS DE FLECHEIRAS","ano":"2025","tipo":"HOSPEDAGEM "},"normalized":{"empresa":"POUSADA AREIAS DE FLECHEIRAS","periodo":"2025","tipo":"HOSPEDAGEM"}}
{"line":1496,"action":"corrected","reason":"trim/canonicalização de campo","original":{"empresa":"POUSADA BAOBÁ JERI ","ano":"2024","tipo":"HOSPEDAGEM "},"normalized":{"empresa":"POUSADA BAOBÁ JERI","periodo":"2024","tipo":"HOSPEDAGEM"}}
{"line":1497,"action":"corrected","reason":"trim/canonicalização de campo","original":{"empresa":"POUSADA BOUGAINVILLE ICARAI","ano":"2024","tipo":"HOSPEDAGEM "},"normalized":{"empresa":"POUSADA BOUGAINVILLE ICARAI","periodo":"2024","tipo":"HOSPEDAGEM"}}
{"line":1501,"action":"corrected","reason":"trim/canonicalização de campo","original":{"empresa":"POUSADA BRISA DO RIO","ano":"2025","tipo":"HOSPEDAGEM "},"normalized":{"empresa":"POUSADA BRISA DO RIO","periodo":"2025","tipo":"HOSPEDAGEM"}}
{"line":1503,"action":"corrected","reason":"trim/canonicalização de campo","original":{"empresa":"POUSADA CAFÉ BRASIL","ano":"2025","tipo":"HOSPEDAGEM "},"normalized":{"empresa":"POUSADA CAFÉ BRASIL","periodo":"2025","tipo":"HOSPEDAGEM"}}
{"line":1505,"action":"corrected","reason":"trim/canonicalização de campo","original":{"empresa":"POUSADA CANOÉ BRASIL","ano":"2024","tipo":"HOSPEDAGEM "},"normalized":{"empresa":"POUSADA CANOÉ BRASIL","periodo":"2024","tipo":"HOSPEDAGEM"}}
{"line":1508,"action":"corrected","reason":"trim/canonicalização de campo","original":{"empresa":"POUSADA CAPITÃO THOMAZ","ano":"2024","tipo":"HOSPEDAGEM "},"normalized":{"empresa":"POUSADA CAPITÃO THOMAZ","periodo":"2024","tipo":"HOSPEDAGEM"}}
{"line":1509,"action":"corrected","reason":"trim/canonicalização de campo","original":{"empresa":"POUSADA CASA DO ANGELO","ano":"2024","tipo":"HOSPEDAGEM "},"normalized":{"empresa":"POUSADA CASA DO ANGELO","periodo":"2024","tipo":"HOSPEDAGEM"}}
{"line":1510,"action":"corrected","reason":"trim/canonicalização de campo","original":{"empresa":"POUSADA CASA DO ANGELO","ano":"2019","tipo":"HOSPEDAGEM "},"normalized":{"empresa":"POUSADA CASA DO ANGELO","periodo":"2019","tipo":"HOSPEDAGEM"}}
{"line":1521,"action":"corrected","reason":"trim/canonicalização de campo","original":{"empresa":"POUSADA CATAVENTO HOSPEDAGEM E TRANSPORTE","ano":"2024","tipo":"HOSPEDAGEM "},"normalized":{"empresa":"POUSADA CATAVENTO HOSPEDAGEM E TRANSPORTE","periodo":"2024","tipo":"HOSPEDAGEM"}}
{"line":1524,"action":"corrected","reason":"trim/canonicalização de campo","original":{"empresa":"POUSADA CHEZ LORAN VIP","ano":"2019","tipo":"HOSPEDAGEM "},"normalized":{"empresa":"POUSADA CHEZ LORAN VIP","periodo":"2019","tipo":"HOSPEDAGEM"}}
{"line":1525,"action":"corrected","reason":"trim/canonicalização de campo","original":{"empresa":"POUSADA CHEZ TOI","ano":"2024","tipo":"HOSPEDAGEM "},"normalized":{"empresa":"POUSADA CHEZ TOI","periodo":"2024","tipo":"HOSPEDAGEM"}}
{"line":1526,"action":"corrected","reason":"trim/canonicalização de campo","original":{"empresa":"POUSADA COCO BABAÇU","ano":"2025","tipo":"HOSPEDAGEM "},"normalized":{"empresa":"POUSADA COCO BABAÇU","periodo":"2025","tipo":"HOSPEDAGEM"}}
{"line":1527,"action":"corrected","reason":"trim/canonicalização de campo","original":{"empresa":"POUSADA DA JOSY","ano":"2019","tipo":"HOSPEDAGEM "},"normalized":{"empresa":"POUSADA DA JOSY","periodo":"2019","tipo":"HOSPEDAGEM"}}
{"line":1531,"action":"corrected","reason":"trim/canonicalização de campo","original":{"empresa":"POUSADA DEPRAIABRASIL","ano":"2025","tipo":"HOSPEDAGEM "},"normalized":{"empresa":"POUSADA DEPRAIABRASIL","periodo":"2025","tipo":"HOSPEDAGEM"}}
{"line":1533,"action":"corrected","reason":"trim/canonicalização de campo","original":{"empresa":"POUSADA DIANE","ano":"2025","tipo":"HOSPEDAGEM "},"normalized":{"empresa":"POUSADA DIANE","periodo":"2025","tipo":"HOSPEDAGEM"}}
{"line":1534,"action":"corrected","reason":"trim/canonicalização de campo","original":{"empresa":"POUSADA DO LAGO","ano":"2025","tipo":"HOSPEDAGEM "},"normalized":{"empresa":"POUSADA DO LAGO","periodo":"2025","tipo":"HOSPEDAGEM"}}
{"line":1535,"action":"corrected","reason":"trim/canonicalização de campo","original":{"empresa":"POUSADA DO PAIVA","ano":"2019","tipo":"HOSPEDAGEM "},"normalized":{"empresa":"POUSADA DO PAIVA","periodo":"2019","tipo":"HOSPEDAGEM"}}
{"line":1540,"action":"corrected","reason":"trim/canonicalização de campo","original":{"empresa":"POUSADA DO PAIVA ","ano":"2024","tipo":"HOSPEDAGEM "},"normalized":{"empresa":"POUSADA DO PAIVA","periodo":"2024","tipo":"HOSPEDAGEM"}}
{"line":1541,"action":"corrected","reason":"trim/canonicalização de campo","original":{"empresa":"POUSADA DOS CAPUCHINHOS","ano":"2025","tipo":"HOSPEDAGEM "},"normalized":{"empresa":"POUSADA DOS CAPUCHINHOS","periodo":"2025","tipo":"HOSPEDAGEM"}}
{"line":1542,"action":"corrected","reason":"trim/canonicalização de campo","original":{"empresa":"POUSADA DOS CAPUCHINHOS","ano":"2019","tipo":"HOSPEDAGEM "},"normalized":{"empresa":"POUSADA DOS CAPUCHINHOS","periodo":"2019","tipo":"HOSPEDAGEM"}}
{"line":1547,"action":"corrected","reason":"trim/canonicalização de campo","original":{"empresa":"POUSADA E RESTAURANTE CARCARÁ","ano":"2019","tipo":"HOSPEDAGEM "},"normalized":{"empresa":"POUSADA E RESTAURANTE CARCARÁ","periodo":"2019","tipo":"HOSPEDAGEM"}}
{"line":1550,"action":"corrected","reason":"trim/canonicalização de campo","original":{"empresa":"POUSADA E RESTAURANTE PARAISO NATURAL ","ano":"2024","tipo":"ALIMENTAÇÃO FORA DO LAR"},"normalized":{"empresa":"POUSADA E RESTAURANTE PARAISO NATURAL","periodo":"2024","tipo":"ALIMENTAÇÃO FORA DO LAR"}}
{"line":1555,"action":"corrected","reason":"trim/canonicalização de campo","original":{"empresa":"POUSADA GRUTA","ano":"2025","tipo":"HOSPEDAGEM "},"normalized":{"empresa":"POUSADA GRUTA","periodo":"2025","tipo":"HOSPEDAGEM"}}
{"line":1559,"action":"corrected","reason":"trim/canonicalização de campo","original":{"empresa":"POUSADA ICARAIZINHO PRAIA","ano":"2024","tipo":"HOSPEDAGEM "},"normalized":{"empresa":"POUSADA ICARAIZINHO PRAIA","periodo":"2024","tipo":"HOSPEDAGEM"}}
{"line":1562,"action":"corrected","reason":"trim/canonicalização de campo","original":{"empresa":"POUSADA JANELAS DO MAR","ano":"2024","tipo":"HOSPEDAGEM "},"normalized":{"empresa":"POUSADA JANELAS DO MAR","periodo":"2024","tipo":"HOSPEDAGEM"}}
{"line":1570,"action":"corrected","reason":"trim/canonicalização de campo","original":{"empresa":"POUSADA JERI ","ano":"2023","tipo":"HOSPEDAGEM"},"normalized":{"empresa":"POUSADA JERI","periodo":"2023","tipo":"HOSPEDAGEM"}}
{"line":1573,"action":"corrected","reason":"trim/canonicalização de campo","original":{"empresa":"POUSADA JERI DUNAS ","ano":"2024","tipo":"HOSPEDAGEM "},"normalized":{"empresa":"POUSADA JERI DUNAS","periodo":"2024","tipo":"HOSPEDAGEM"}}
{"line":1574,"action":"corrected","reason":"trim/canonicalização de campo","original":{"empresa":"POUSADA JERI DUNAS ","ano":"2019","tipo":"HOSPEDAGEM "},"normalized":{"empresa":"POUSADA JERI DUNAS","periodo":"2019","tipo":"HOSPEDAGEM"}}
{"line":1575,"action":"corrected","reason":"trim/canonicalização de campo","original":{"empresa":"POUSADA JERIBÁ","ano":"2024","tipo":"HOSPEDAGEM "},"normalized":{"empresa":"POUSADA JERIBÁ","periodo":"2024","tipo":"HOSPEDAGEM"}}
{"line":1577,"action":"corrected","reason":"trim/canonicalização de campo","original":{"empresa":"POUSADA JERIBÁ","ano":"2019","tipo":"HOSPEDAGEM "},"normalized":{"empresa":"POUSADA JERIBÁ","periodo":"2019","tipo":"HOSPEDAGEM"}}
{"line":1584,"action":"corrected","reason":"trim/canonicalização de campo","original":{"empresa":"POUSADA JUNDUH","ano":"2024","tipo":"HOSPEDAGEM "},"normalized":{"empresa":"POUSADA JUNDUH","periodo":"2024","tipo":"HOSPEDAGEM"}}
{"line":1586,"action":"corrected","reason":"trim/canonicalização de campo","original":{"empresa":"POUSADA LA DOLCE VITA","ano":"2025","tipo":"HOSPEDAGEM "},"normalized":{"empresa":"POUSADA LA DOLCE VITA","periodo":"2025","tipo":"HOSPEDAGEM"}}
{"line":1587,"action":"corrected","reason":"trim/canonicalização de campo","original":{"empresa":"POUSADA LA DOLCE VITA","ano":"2024","tipo":"HOSPEDAGEM "},"normalized":{"empresa":"POUSADA LA DOLCE VITA","periodo":"2024","tipo":"HOSPEDAGEM"}}
{"line":1590,"action":"corrected","reason":"trim/canonicalização de campo","original":{"empresa":"POUSADA LATITUDE","ano":"2024","tipo":"HOSPEDAGEM "},"normalized":{"empresa":"POUSADA LATITUDE","periodo":"2024","tipo":"HOSPEDAGEM"}}
{"line":1593,"action":"corrected","reason":"trim/canonicalização de campo","original":{"empresa":"POUSADA LATITUDE","ano":"2019","tipo":"HOSPEDAGEM "},"normalized":{"empresa":"POUSADA LATITUDE","periodo":"2019","tipo":"HOSPEDAGEM"}}
{"line":1606,"action":"corrected","reason":"trim/canonicalização de campo","original":{"empresa":"POUSADA LIRIOS DO CAMPO","ano":"2024","tipo":"HOSPEDAGEM "},"normalized":{"empresa":"POUSADA LIRIOS DO CAMPO","periodo":"2024","tipo":"HOSPEDAGEM"}}
{"line":1608,"action":"corrected","reason":"trim/canonicalização de campo","original":{"empresa":"POUSADA MATUSA","ano":"2025","tipo":"HOSPEDAGEM "},"normalized":{"empresa":"POUSADA MATUSA","periodo":"2025","tipo":"HOSPEDAGEM"}}
{"line":1609,"action":"corrected","reason":"trim/canonicalização de campo","original":{"empresa":"POUSADA MEU PARAISO LAGOINHA","ano":"2025","tipo":"HOSPEDAGEM "},"normalized":{"empresa":"POUSADA MEU PARAISO LAGOINHA","periodo":"2025","tipo":"HOSPEDAGEM"}}
{"line":1615,"action":"corrected","reason":"trim/canonicalização de campo","original":{"empresa":"POUSADA PARAÍSO","ano":"2019","tipo":"HOSPEDAGEM "},"normalized":{"empresa":"POUSADA PARAÍSO","periodo":"2019","tipo":"HOSPEDAGEM"}}
{"line":1624,"action":"corrected","reason":"trim/canonicalização de campo","original":{"empresa":"POUSADA PLANALTO","ano":"2019","tipo":"HOSPEDAGEM "},"normalized":{"empresa":"POUSADA PLANALTO","periodo":"2019","tipo":"HOSPEDAGEM"}}
{"line":1635,"action":"corrected","reason":"trim/canonicalização de campo","original":{"empresa":"POUSADA SÃO PEDRO","ano":"2024","tipo":"HOSPEDAGEM "},"normalized":{"empresa":"POUSADA SÃO PEDRO","periodo":"2024","tipo":"HOSPEDAGEM"}}
{"line":1636,"action":"corrected","reason":"trim/canonicalização de campo","original":{"empresa":"POUSADA SERRA BELA","ano":"2024","tipo":"HOSPEDAGEM "},"normalized":{"empresa":"POUSADA SERRA BELA","periodo":"2024","tipo":"HOSPEDAGEM"}}
{"line":1649,"action":"corrected","reason":"trim/canonicalização de campo","original":{"empresa":"POUSADA SOLLARI","ano":"2024","tipo":"HOSPEDAGEM "},"normalized":{"empresa":"POUSADA SOLLARI","periodo":"2024","tipo":"HOSPEDAGEM"}}
{"line":1651,"action":"corrected","reason":"trim/canonicalização de campo","original":{"empresa":"POUSADA SOLONÓPOLE","ano":"2024","tipo":"HOSPEDAGEM "},"normalized":{"empresa":"POUSADA SOLONÓPOLE","periodo":"2024","tipo":"HOSPEDAGEM"}}
{"line":1653,"action":"corrected","reason":"trim/canonicalização de campo","original":{"empresa":"POUSADA SOLONÓPOLE","ano":"2019","tipo":"HOSPEDAGEM "},"normalized":{"empresa":"POUSADA SOLONÓPOLE","periodo":"2019","tipo":"HOSPEDAGEM"}}
{"line":1658,"action":"corrected","reason":"trim/canonicalização de campo","original":{"empresa":"POUSADA TRANQUILANDIA VILLAGE","ano":"2024","tipo":"HOSPEDAGEM "},"normalized":{"empresa":"POUSADA TRANQUILANDIA VILLAGE","periodo":"2024","tipo":"HOSPEDAGEM"}}
{"line":1661,"action":"corrected","reason":"trim/canonicalização de campo","original":{"empresa":"POUSADA VARANDA AMAR","ano":"2024","tipo":"HOSPEDAGEM "},"normalized":{"empresa":"POUSADA VARANDA AMAR","periodo":"2024","tipo":"HOSPEDAGEM"}}
{"line":1663,"action":"corrected","reason":"trim/canonicalização de campo","original":{"empresa":"POUSADA VELHO CHICO ","ano":"2024","tipo":"HOSPEDAGEM "},"normalized":{"empresa":"POUSADA VELHO CHICO","periodo":"2024","tipo":"HOSPEDAGEM"}}
{"line":1664,"action":"corrected","reason":"trim/canonicalização de campo","original":{"empresa":"POUSADA VENTO DE JERI","ano":"2019","tipo":"HOSPEDAGEM "},"normalized":{"empresa":"POUSADA VENTO DE JERI","periodo":"2019","tipo":"HOSPEDAGEM"}}
{"line":1669,"action":"corrected","reason":"trim/canonicalização de campo","original":{"empresa":"POUSADA VENTO VINTE","ano":"2025","tipo":"HOSPEDAGEM "},"normalized":{"empresa":"POUSADA VENTO VINTE","periodo":"2025","tipo":"HOSPEDAGEM"}}
{"line":1672,"action":"corrected","reason":"trim/canonicalização de campo","original":{"empresa":"POUSADA VILA KALANGO ","ano":"2024","tipo":"HOSPEDAGEM "},"normalized":{"empresa":"POUSADA VILA KALANGO","periodo":"2024","tipo":"HOSPEDAGEM"}}
{"line":1673,"action":"corrected","reason":"trim/canonicalização de campo","original":{"empresa":"POUSADA VILA VAGALUME","ano":"2024","tipo":"HOSPEDAGEM "},"normalized":{"empresa":"POUSADA VILA VAGALUME","periodo":"2024","tipo":"HOSPEDAGEM"}}
{"line":1675,"action":"corrected","reason":"trim/canonicalização de campo","original":{"empresa":"POUSADA VILLA PONTINHA","ano":"2025","tipo":"HOSPEDAGEM "},"normalized":{"empresa":"POUSADA VILLA PONTINHA","periodo":"2025","tipo":"HOSPEDAGEM"}}
{"line":1694,"action":"corrected","reason":"trim/canonicalização de campo","original":{"empresa":"PREMIUM HOTEL","ano":"2019","tipo":"HOSPEDAGEM "},"normalized":{"empresa":"PREMIUM HOTEL","periodo":"2019","tipo":"HOSPEDAGEM"}}
{"line":1706,"action":"corrected","reason":"trim/canonicalização de campo","original":{"empresa":"PRUMAR  AÇAITERIA","ano":"2023","tipo":"ALIMENTAÇÃO FORA DO LAR"},"normalized":{"empresa":"PRUMAR AÇAITERIA","periodo":"2023","tipo":"ALIMENTAÇÃO FORA DO LAR"}}
{"line":1715,"action":"corrected","reason":"trim/canonicalização de campo","original":{"empresa":"RAMILOS HOTELARIA LTDA","ano":"2024","tipo":"HOSPEDAGEM "},"normalized":{"empresa":"RAMILOS HOTELARIA LTDA","periodo":"2024","tipo":"HOSPEDAGEM"}}
{"line":1719,"action":"corrected","reason":"trim/canonicalização de campo","original":{"empresa":"REALTUR TURISMO","ano":"2023","tipo":"AGÊNCIA DE VIAGENS "},"normalized":{"empresa":"REALTUR TURISMO","periodo":"2023","tipo":"AGÊNCIA DE VIAGENS"}}
{"line":1721,"action":"corrected","reason":"trim/canonicalização de campo","original":{"empresa":"RECANTO DO BARÃO POUSADA","ano":"2019","tipo":"HOSPEDAGEM "},"normalized":{"empresa":"RECANTO DO BARÃO POUSADA","periodo":"2019","tipo":"HOSPEDAGEM"}}
{"line":1722,"action":"corrected","reason":"trim/canonicalização de campo","original":{"empresa":"RECANTO DO BARÃO POUSADA","ano":"2024","tipo":"HOSPEDAGEM "},"normalized":{"empresa":"RECANTO DO BARÃO POUSADA","periodo":"2024","tipo":"HOSPEDAGEM"}}
{"line":1727,"action":"corrected","reason":"trim/canonicalização de campo","original":{"empresa":"REMANSO HOTEL DE SERRA","ano":"2024","tipo":"HOSPEDAGEM "},"normalized":{"empresa":"REMANSO HOTEL DE SERRA","periodo":"2024","tipo":"HOSPEDAGEM"}}
{"line":1729,"action":"corrected","reason":"trim/canonicalização de campo","original":{"empresa":"REMANSO HOTEL DE SERRA","ano":"2019","tipo":"HOSPEDAGEM "},"normalized":{"empresa":"REMANSO HOTEL DE SERRA","periodo":"2019","tipo":"HOSPEDAGEM"}}
{"line":1767,"action":"corrected","reason":"trim/canonicalização de campo","original":{"empresa":"RESTAURANTE CARAVELA ","ano":"2024","tipo":"ALIMENTAÇÃO FORA DO LAR"},"normalized":{"empresa":"RESTAURANTE CARAVELA","periodo":"2024","tipo":"ALIMENTAÇÃO FORA DO LAR"}}
{"line":1782,"action":"corrected","reason":"trim/canonicalização de campo","original":{"empresa":"RESTAURANTE E PIZZARIA MOINHO DOS VENTOS ","ano":"2024","tipo":"ALIMENTAÇÃO FORA DO LAR"},"normalized":{"empresa":"RESTAURANTE E PIZZARIA MOINHO DOS VENTOS","periodo":"2024","tipo":"ALIMENTAÇÃO FORA DO LAR"}}
{"line":1810,"action":"corrected","reason":"trim/canonicalização de campo","original":{"empresa":"RESTAURANTE MARÍTIMO ","ano":"2024","tipo":"ALIMENTAÇÃO FORA DO LAR"},"normalized":{"empresa":"RESTAURANTE MARÍTIMO","periodo":"2024","tipo":"ALIMENTAÇÃO FORA DO LAR"}}
{"line":1816,"action":"corrected","reason":"trim/canonicalização de campo","original":{"empresa":"RESTAURANTE NOVA ESPERANÇA ","ano":"2024","tipo":"ALIMENTAÇÃO FORA DO LAR"},"normalized":{"empresa":"RESTAURANTE NOVA ESPERANÇA","periodo":"2024","tipo":"ALIMENTAÇÃO FORA DO LAR"}}
{"line":1843,"action":"corrected","reason":"trim/canonicalização de campo","original":{"empresa":"RESTAURANTE SOL ","ano":"2024","tipo":"ALIMENTAÇÃO FORA DO LAR"},"normalized":{"empresa":"RESTAURANTE SOL","periodo":"2024","tipo":"ALIMENTAÇÃO FORA DO LAR"}}
{"line":1873,"action":"corrected","reason":"trim/canonicalização de campo","original":{"empresa":"SANSABLE BEACHWEAR ","ano":"2024","tipo":"LOJAS DE VAREJO"},"normalized":{"empresa":"SANSABLE BEACHWEAR","periodo":"2024","tipo":"LOJAS DE VAREJO"}}
{"line":1874,"action":"corrected","reason":"trim/canonicalização de campo","original":{"empresa":"SBELTS CENTRO DE ESTÉTICA","ano":"2022","tipo":"SERVIRÇOS DE ESTÉTICA"},"normalized":{"empresa":"SBELTS CENTRO DE ESTÉTICA","periodo":"2022","tipo":"SERVIÇOS DE ESTÉTICA"}}
{"line":1905,"action":"corrected","reason":"trim/canonicalização de campo","original":{"empresa":"SÍTIO DO BOSCO PARK","ano":"2019","tipo":"HOSPEDAGEM "},"normalized":{"empresa":"SÍTIO DO BOSCO PARK","periodo":"2019","tipo":"HOSPEDAGEM"}}
{"line":1967,"action":"corrected","reason":"trim/canonicalização de campo","original":{"empresa":"TASKINHA DOS AMIGOS ","ano":"2024","tipo":"ALIMENTAÇÃO FORA DO LAR"},"normalized":{"empresa":"TASKINHA DOS AMIGOS","periodo":"2024","tipo":"ALIMENTAÇÃO FORA DO LAR"}}
{"line":1969,"action":"corrected","reason":"trim/canonicalização de campo","original":{"empresa":"TC ASSESSORIA DE VIAGENS E TURISMO","ano":"2024","tipo":"AGÊNCIA DE VIAGENS "},"normalized":{"empresa":"TC ASSESSORIA DE VIAGENS E TURISMO","periodo":"2024","tipo":"AGÊNCIA DE VIAGENS"}}
{"line":1974,"action":"corrected","reason":"trim/canonicalização de campo","original":{"empresa":"TEMPERO DA SERRA ","ano":"2024","tipo":"ALIMENTAÇÃO FORA DO LAR"},"normalized":{"empresa":"TEMPERO DA SERRA","periodo":"2024","tipo":"ALIMENTAÇÃO FORA DO LAR"}}
{"line":1975,"action":"corrected","reason":"trim/canonicalização de campo","original":{"empresa":"TEMPERO DA SERRA ","ano":"2025","tipo":"ALIMENTAÇÃO FORA DO LAR"},"normalized":{"empresa":"TEMPERO DA SERRA","periodo":"2025","tipo":"ALIMENTAÇÃO FORA DO LAR"}}
{"line":1976,"action":"corrected","reason":"trim/canonicalização de campo","original":{"empresa":"TEMPERO DA SERRA ","ano":"2023","tipo":"ALIMENTAÇÃO FORA DO LAR"},"normalized":{"empresa":"TEMPERO DA SERRA","periodo":"2023","tipo":"ALIMENTAÇÃO FORA DO LAR"}}
{"line":1978,"action":"corrected","reason":"trim/canonicalização de campo","original":{"empresa":"TERRA - AGÊNCIA DE VIAGENS E TURISMO LTDA.","ano":"2024","tipo":"AGÊNCIA DE VIAGENS "},"normalized":{"empresa":"TERRA - AGÊNCIA DE VIAGENS E TURISMO LTDA.","periodo":"2024","tipo":"AGÊNCIA DE VIAGENS"}}
{"line":1979,"action":"corrected","reason":"trim/canonicalização de campo","original":{"empresa":"TERRA - AGÊNCIA DE VIAGENS E TURISMO LTDA.","ano":"2023","tipo":"AGÊNCIA DE VIAGENS "},"normalized":{"empresa":"TERRA - AGÊNCIA DE VIAGENS E TURISMO LTDA.","periodo":"2023","tipo":"AGÊNCIA DE VIAGENS"}}
{"line":1980,"action":"corrected","reason":"trim/canonicalização de campo","original":{"empresa":"TERRA BRAZIL EXPERIENCE","ano":"2023","tipo":"AGÊNCIA DE VIAGENS "},"normalized":{"empresa":"TERRA BRAZIL EXPERIENCE","periodo":"2023","tipo":"AGÊNCIA DE VIAGENS"}}
{"line":1983,"action":"corrected","reason":"trim/canonicalização de campo","original":{"empresa":"TERRADIC - TAUA","ano":"2022","tipo":"SERVIÇOS DE SAUDE"},"normalized":{"empresa":"TERRADIC - TAUA","periodo":"2022","tipo":"SERVIÇOS DE SAÚDE"}}
{"line":1984,"action":"corrected","reason":"trim/canonicalização de campo","original":{"empresa":"TERRAL GASTRONOMIA ","ano":"2024","tipo":"ALIMENTAÇÃO FORA DO LAR"},"normalized":{"empresa":"TERRAL GASTRONOMIA","periodo":"2024","tipo":"ALIMENTAÇÃO FORA DO LAR"}}
{"line":2002,"action":"corrected","reason":"trim/canonicalização de campo","original":{"empresa":"TROPIKAL TOUR","ano":"2025","tipo":"AGÊNCIA DE VIAGENS "},"normalized":{"empresa":"TROPIKAL TOUR","periodo":"2025","tipo":"AGÊNCIA DE VIAGENS"}}
{"line":2005,"action":"deduplicated","reason":"combinação EMPRESA+PERÍODO+TIPO repetida após normalização","original":{"empresa":"TWO BROTHERS ","ano":"2022","tipo":"ALIMENTAÇÃO FORA DO LAR"}}
{"line":2012,"action":"corrected","reason":"trim/canonicalização de campo","original":{"empresa":"VARANDAS BEACH HOTEL","ano":"2024","tipo":"HOSPEDAGEM "},"normalized":{"empresa":"VARANDAS BEACH HOTEL","periodo":"2024","tipo":"HOSPEDAGEM"}}
{"line":2025,"action":"corrected","reason":"trim/canonicalização de campo","original":{"empresa":"VELA E MAR HOTEL","ano":"2019","tipo":"HOSPEDAGEM "},"normalized":{"empresa":"VELA E MAR HOTEL","periodo":"2019","tipo":"HOSPEDAGEM"}}
{"line":2039,"action":"corrected","reason":"trim/canonicalização de campo","original":{"empresa":"VIÇOSA HOTEL DE SERRA","ano":"2019","tipo":"HOSPEDAGEM "},"normalized":{"empresa":"VIÇOSA HOTEL DE SERRA","periodo":"2019","tipo":"HOSPEDAGEM"}}
{"line":2043,"action":"corrected","reason":"trim/canonicalização de campo","original":{"empresa":"VILA AREJO GASTRONOMIA ","ano":"2024","tipo":"ALIMENTAÇÃO FORA DO LAR"},"normalized":{"empresa":"VILA AREJO GASTRONOMIA","periodo":"2024","tipo":"ALIMENTAÇÃO FORA DO LAR"}}
{"line":2044,"action":"corrected","reason":"trim/canonicalização de campo","original":{"empresa":"VILA AZUL PRAIA HOTEL","ano":"2019","tipo":"HOSPEDAGEM "},"normalized":{"empresa":"VILA AZUL PRAIA HOTEL","periodo":"2019","tipo":"HOSPEDAGEM"}}
{"line":2061,"action":"corrected","reason":"trim/canonicalização de campo","original":{"empresa":"VILLA AURORA POUSADA GUAJIRU","ano":"2024","tipo":"HOSPEDAGEM "},"normalized":{"empresa":"VILLA AURORA POUSADA GUAJIRU","periodo":"2024","tipo":"HOSPEDAGEM"}}
{"line":2068,"action":"corrected","reason":"trim/canonicalização de campo","original":{"empresa":"VILLA SIRIGUELA ","ano":"2024","tipo":"HOSPEDAGEM "},"normalized":{"empresa":"VILLA SIRIGUELA","periodo":"2024","tipo":"HOSPEDAGEM"}}
{"line":2069,"action":"corrected","reason":"trim/canonicalização de campo","original":{"empresa":"VILLA SOLEIL ","ano":"2024","tipo":"HOSPEDAGEM "},"normalized":{"empresa":"VILLA SOLEIL","periodo":"2024","tipo":"HOSPEDAGEM"}}
{"line":2075,"action":"corrected","reason":"trim/canonicalização de campo","original":{"empresa":"VITORINO TURISMO","ano":"2024","tipo":"AGÊNCIA DE VIAGENS "},"normalized":{"empresa":"VITORINO TURISMO","periodo":"2024","tipo":"AGÊNCIA DE VIAGENS"}}
{"line":2076,"action":"corrected","reason":"trim/canonicalização de campo","original":{"empresa":"VITORINO TURISMO","ano":"2023","tipo":"AGÊNCIA DE VIAGENS "},"normalized":{"empresa":"VITORINO TURISMO","periodo":"2023","tipo":"AGÊNCIA DE VIAGENS"}}
{"line":2077,"action":"corrected","reason":"trim/canonicalização de campo","original":{"empresa":"VM TURISMO E VIAGENS LTDA","ano":"2024","tipo":"AGÊNCIA DE VIAGENS "},"normalized":{"empresa":"VM TURISMO E VIAGENS LTDA","periodo":"2024","tipo":"AGÊNCIA DE VIAGENS"}}
{"line":2084,"action":"corrected","reason":"trim/canonicalização de campo","original":{"empresa":"WDR TURISMO","ano":"2023","tipo":"AGÊNCIA DE VIAGENS "},"normalized":{"empresa":"WDR TURISMO","periodo":"2023","tipo":"AGÊNCIA DE VIAGENS"}}
{"line":2085,"action":"corrected","reason":"trim/canonicalização de campo","original":{"empresa":"WEE TRAVEL","ano":"2024","tipo":"AGÊNCIA DE VIAGENS "},"normalized":{"empresa":"WEE TRAVEL","periodo":"2024","tipo":"AGÊNCIA DE VIAGENS"}}
{"line":2088,"action":"corrected","reason":"trim/canonicalização de campo","original":{"empresa":"WL ALUMINIO ","ano":"2022","tipo":"MANUTENÇÃO DE VEÍCULOS"},"normalized":{"empresa":"WL ALUMINIO","periodo":"2022","tipo":"MANUTENÇÃO DE VEÍCULOS"}}
{"line":2099,"action":"corrected","reason":"trim/canonicalização de campo","original":{"empresa":"ZORAIDE BRAGA CATERING ","ano":"2024","tipo":"ALIMENTAÇÃO FORA DO LAR"},"normalized":{"empresa":"ZORAIDE BRAGA CATERING","periodo":"2024","tipo":"ALIMENTAÇÃO FORA DO LAR"}}
